#
# This file was generated automatically. PLEASE DO NOT MODIFY IT BY HAND!
#

---
apiVersion: backstage.io/v1alpha1
kind: Component
metadata:
    name: project-with-two-apps
    description: Project that includes two apps
    annotations:
        backstage.io/kubernetes-id: project-with-two-apps
        backstage.io/source-location: url:https://github.com/giantswarm/project-with-two-apps
        backstage.io/techdocs-ref: url:https://github.com/giantswarm/project-with-two-apps/tree/master
        circleci.com/project-slug: github/giantswarm/project-with-two-apps
        giantswarm.io/deployment-names: first-name,second-name-app
        github.com/project-slug: giantswarm/project-with-two-apps
        github.com/team-slug: myorg/team-slug
        quay.io/repository-slug: giantswarm/project-with-two-apps
spec:
    type: service
    lifecycle: production
    owner: myorg/team-slug
    system: everything-system
    dependsOn:
        - component:first-dependency
        - component:second-dependency
